#suite xbox-conformance v1
#probe cpu_flags
CHK add8.7F+01 PASS
CHK add8.7F+01.CF PASS
CHK add8.7F+01.PF PASS
CHK add8.7F+01.AF PASS
CHK add8.7F+01.ZF PASS
CHK add8.7F+01.SF PASS
CHK add8.7F+01.OF PASS
CHK add8.FF+01 PASS
CHK add8.FF+01.CF PASS
CHK add8.FF+01.PF PASS
CHK add8.FF+01.AF PASS
CHK add8.FF+01.ZF PASS
CHK add8.FF+01.SF PASS
CHK add8.FF+01.OF PASS
CHK add8.40+40 PASS
CHK add8.40+40.CF PASS
CHK add8.40+40.PF PASS
CHK add8.40+40.AF PASS
CHK add8.40+40.ZF PASS
CHK add8.40+40.SF PASS
CHK add8.40+40.OF PASS
CHK add8.00+00 PASS
CHK add8.00+00.CF PASS
CHK add8.00+00.PF PASS
CHK add8.00+00.AF PASS
CHK add8.00+00.ZF PASS
CHK add8.00+00.SF PASS
CHK add8.00+00.OF PASS
CHK sub8.00-01 PASS
CHK sub8.00-01.CF PASS
CHK sub8.00-01.PF PASS
CHK sub8.00-01.AF PASS
CHK sub8.00-01.ZF PASS
CHK sub8.00-01.SF PASS
CHK sub8.00-01.OF PASS
CHK sub8.80-01 PASS
CHK sub8.80-01.CF PASS
CHK sub8.80-01.PF PASS
CHK sub8.80-01.AF PASS
CHK sub8.80-01.ZF PASS
CHK sub8.80-01.SF PASS
CHK sub8.80-01.OF PASS
CHK sub8.05-05 PASS
CHK sub8.05-05.CF PASS
CHK sub8.05-05.PF PASS
CHK sub8.05-05.AF PASS
CHK sub8.05-05.ZF PASS
CHK sub8.05-05.SF PASS
CHK sub8.05-05.OF PASS
CHK and32.F0F0&0F0F PASS
CHK and32.F0F0&0F0F.CF PASS
CHK and32.F0F0&0F0F.PF PASS
CHK and32.F0F0&0F0F.ZF PASS
CHK and32.F0F0&0F0F.SF PASS
CHK and32.F0F0&0F0F.OF PASS
CHK and32.FFFF&0F0F PASS
CHK and32.FFFF&0F0F.CF PASS
CHK and32.FFFF&0F0F.PF PASS
CHK and32.FFFF&0F0F.ZF PASS
CHK and32.FFFF&0F0F.SF PASS
CHK and32.FFFF&0F0F.OF PASS
CHK or32.1|2 PASS
CHK or32.1|2.CF PASS
CHK or32.1|2.PF PASS
CHK or32.1|2.ZF PASS
CHK or32.1|2.SF PASS
CHK or32.1|2.OF PASS
CHK or32.8000_0000|0 PASS
CHK or32.8000_0000|0.CF PASS
CHK or32.8000_0000|0.PF PASS
CHK or32.8000_0000|0.ZF PASS
CHK or32.8000_0000|0.SF PASS
CHK or32.8000_0000|0.OF PASS
CHK xor32.FF^FF PASS
CHK xor32.FF^FF.CF PASS
CHK xor32.FF^FF.PF PASS
CHK xor32.FF^FF.ZF PASS
CHK xor32.FF^FF.SF PASS
CHK xor32.FF^FF.OF PASS
CHK xor32.AA^55 PASS
CHK xor32.AA^55.CF PASS
CHK xor32.AA^55.PF PASS
CHK xor32.AA^55.ZF PASS
CHK xor32.AA^55.SF PASS
CHK xor32.AA^55.OF PASS
#result cpu_flags verdict=PASS checks=85 fail=0
