#suite xbox-conformance v1
#probe kernel_thread
CHK ke.getcurrent_nonzero PASS
CHK ke.event_init_zero PASS
CHK ke.setevent_prev_zero PASS
CHK ke.setevent_sets_one PASS
CHK ke.resetevent_prev_one PASS
CHK ke.resetevent_sets_zero PASS
CHK ke.wait_success PASS
CHK ke.delay_success PASS
#result kernel_thread verdict=PASS checks=8 fail=0
